------------------------------------------------------------
TimeQuest Timing Analyzer Summary
------------------------------------------------------------

Type  : Slow 1100mV 85C Model Setup 'clk_dram'
Slack : -9.101
TNS   : -313.249

Type  : Slow 1100mV 85C Model Setup 'clk_vga'
Slack : -7.836
TNS   : -183.106

Type  : Slow 1100mV 85C Model Setup 'u0|pll_sys|altera_pll_i|general[2].gpll~PLL_OUTPUT_COUNTER|divclk'
Slack : -1.405
TNS   : -22.220

Type  : Slow 1100mV 85C Model Setup 'Qsys:u0|Qsys_hps_0:hps_0|Qsys_hps_0_hps_io:hps_io|Qsys_hps_0_hps_io_border:border|hps_sdram:hps_sdram_inst|hps_sdram_pll:pll|afi_clk_write_clk'
Slack : 1.730
TNS   : 0.000

Type  : Slow 1100mV 85C Model Setup 'u0|pll_sys|altera_pll_i|general[3].gpll~PLL_OUTPUT_COUNTER|divclk'
Slack : 8.023
TNS   : 0.000

Type  : Slow 1100mV 85C Model Setup 'CLOCK_50'
Slack : 8.645
TNS   : 0.000

Type  : Slow 1100mV 85C Model Setup 'altera_reserved_tck'
Slack : 10.167
TNS   : 0.000

Type  : Slow 1100mV 85C Model Setup 'CLOCK2_50'
Slack : 15.655
TNS   : 0.000

Type  : Slow 1100mV 85C Model Hold 'u0|pll_sys|altera_pll_i|general[2].gpll~PLL_OUTPUT_COUNTER|divclk'
Slack : -1.592
TNS   : -25.228

Type  : Slow 1100mV 85C Model Hold 'Qsys:u0|Qsys_hps_0:hps_0|Qsys_hps_0_hps_io:hps_io|Qsys_hps_0_hps_io_border:border|hps_sdram:hps_sdram_inst|hps_sdram_pll:pll|afi_clk_write_clk'
Slack : 0.143
TNS   : 0.000

Type  : Slow 1100mV 85C Model Hold 'altera_reserved_tck'
Slack : 0.217
TNS   : 0.000

Type  : Slow 1100mV 85C Model Hold 'CLOCK_50'
Slack : 0.236
TNS   : 0.000

Type  : Slow 1100mV 85C Model Hold 'u0|pll_sys|altera_pll_i|general[3].gpll~PLL_OUTPUT_COUNTER|divclk'
Slack : 0.376
TNS   : 0.000

Type  : Slow 1100mV 85C Model Hold 'CLOCK2_50'
Slack : 0.380
TNS   : 0.000

Type  : Slow 1100mV 85C Model Hold 'clk_vga'
Slack : 3.311
TNS   : 0.000

Type  : Slow 1100mV 85C Model Hold 'clk_dram'
Slack : 4.082
TNS   : 0.000

Type  : Slow 1100mV 85C Model Recovery 'u0|pll_sys|altera_pll_i|general[2].gpll~PLL_OUTPUT_COUNTER|divclk'
Slack : -0.698
TNS   : -25.869

Type  : Slow 1100mV 85C Model Recovery 'u0|pll_sys|altera_pll_i|general[3].gpll~PLL_OUTPUT_COUNTER|divclk'
Slack : 0.209
TNS   : 0.000

Type  : Slow 1100mV 85C Model Recovery 'Qsys:u0|Qsys_hps_0:hps_0|Qsys_hps_0_hps_io:hps_io|Qsys_hps_0_hps_io_border:border|hps_sdram:hps_sdram_inst|hps_sdram_pll:pll|afi_clk_write_clk'
Slack : 3.375
TNS   : 0.000

Type  : Slow 1100mV 85C Model Recovery 'CLOCK_50'
Slack : 15.600
TNS   : 0.000

Type  : Slow 1100mV 85C Model Recovery 'altera_reserved_tck'
Slack : 17.979
TNS   : 0.000

Type  : Slow 1100mV 85C Model Removal 'Qsys:u0|Qsys_hps_0:hps_0|Qsys_hps_0_hps_io:hps_io|Qsys_hps_0_hps_io_border:border|hps_sdram:hps_sdram_inst|hps_sdram_pll:pll|afi_clk_write_clk'
Slack : 0.470
TNS   : 0.000

Type  : Slow 1100mV 85C Model Removal 'u0|pll_sys|altera_pll_i|general[3].gpll~PLL_OUTPUT_COUNTER|divclk'
Slack : 0.471
TNS   : 0.000

Type  : Slow 1100mV 85C Model Removal 'CLOCK_50'
Slack : 0.786
TNS   : 0.000

Type  : Slow 1100mV 85C Model Removal 'altera_reserved_tck'
Slack : 0.786
TNS   : 0.000

Type  : Slow 1100mV 85C Model Removal 'u0|pll_sys|altera_pll_i|general[2].gpll~PLL_OUTPUT_COUNTER|divclk'
Slack : 3.105
TNS   : 0.000

Type  : Slow 1100mV 85C Model Minimum Pulse Width 'u0|pll_sys|altera_pll_i|general[0].gpll~FRACTIONAL_PLL|vcoph[0]'
Slack : 0.480
TNS   : 0.000

Type  : Slow 1100mV 85C Model Minimum Pulse Width 'Qsys:u0|Qsys_hps_0:hps_0|Qsys_hps_0_hps_io:hps_io|Qsys_hps_0_hps_io_border:border|hps_sdram:hps_sdram_inst|hps_sdram_pll:pll|pll_write_clk_dq_write_clk'
Slack : 0.608
TNS   : 0.000

Type  : Slow 1100mV 85C Model Minimum Pulse Width 'Qsys:u0|Qsys_hps_0:hps_0|Qsys_hps_0_hps_io:hps_io|Qsys_hps_0_hps_io_border:border|hps_sdram:hps_sdram_inst|hps_sdram_pll:pll|afi_clk_write_clk'
Slack : 0.623
TNS   : 0.000

Type  : Slow 1100mV 85C Model Minimum Pulse Width 'u0|pll_sys|altera_pll_i|general[2].gpll~PLL_OUTPUT_COUNTER|divclk'
Slack : 2.600
TNS   : 0.000

Type  : Slow 1100mV 85C Model Minimum Pulse Width 'u0|pll_sys|altera_pll_i|general[1].gpll~PLL_OUTPUT_COUNTER|divclk'
Slack : 3.698
TNS   : 0.000

Type  : Slow 1100mV 85C Model Minimum Pulse Width 'u0|pll_sys|altera_pll_i|general[3].gpll~PLL_OUTPUT_COUNTER|divclk'
Slack : 6.454
TNS   : 0.000

Type  : Slow 1100mV 85C Model Minimum Pulse Width 'CLOCK_50'
Slack : 9.243
TNS   : 0.000

Type  : Slow 1100mV 85C Model Minimum Pulse Width 'CLOCK2_50'
Slack : 9.246
TNS   : 0.000

Type  : Slow 1100mV 85C Model Minimum Pulse Width 'altera_reserved_tck'
Slack : 18.935
TNS   : 0.000

Type  : Slow 1100mV 0C Model Setup 'clk_dram'
Slack : -8.841
TNS   : -304.264

Type  : Slow 1100mV 0C Model Setup 'clk_vga'
Slack : -7.577
TNS   : -176.940

Type  : Slow 1100mV 0C Model Setup 'u0|pll_sys|altera_pll_i|general[2].gpll~PLL_OUTPUT_COUNTER|divclk'
Slack : -1.294
TNS   : -20.177

Type  : Slow 1100mV 0C Model Setup 'Qsys:u0|Qsys_hps_0:hps_0|Qsys_hps_0_hps_io:hps_io|Qsys_hps_0_hps_io_border:border|hps_sdram:hps_sdram_inst|hps_sdram_pll:pll|afi_clk_write_clk'
Slack : 1.727
TNS   : 0.000

Type  : Slow 1100mV 0C Model Setup 'u0|pll_sys|altera_pll_i|general[3].gpll~PLL_OUTPUT_COUNTER|divclk'
Slack : 8.008
TNS   : 0.000

Type  : Slow 1100mV 0C Model Setup 'CLOCK_50'
Slack : 8.826
TNS   : 0.000

Type  : Slow 1100mV 0C Model Setup 'altera_reserved_tck'
Slack : 10.440
TNS   : 0.000

Type  : Slow 1100mV 0C Model Setup 'CLOCK2_50'
Slack : 15.741
TNS   : 0.000

Type  : Slow 1100mV 0C Model Hold 'u0|pll_sys|altera_pll_i|general[2].gpll~PLL_OUTPUT_COUNTER|divclk'
Slack : -1.647
TNS   : -25.982

Type  : Slow 1100mV 0C Model Hold 'Qsys:u0|Qsys_hps_0:hps_0|Qsys_hps_0_hps_io:hps_io|Qsys_hps_0_hps_io_border:border|hps_sdram:hps_sdram_inst|hps_sdram_pll:pll|afi_clk_write_clk'
Slack : 0.162
TNS   : 0.000

Type  : Slow 1100mV 0C Model Hold 'altera_reserved_tck'
Slack : 0.198
TNS   : 0.000

Type  : Slow 1100mV 0C Model Hold 'CLOCK_50'
Slack : 0.212
TNS   : 0.000

Type  : Slow 1100mV 0C Model Hold 'u0|pll_sys|altera_pll_i|general[3].gpll~PLL_OUTPUT_COUNTER|divclk'
Slack : 0.369
TNS   : 0.000

Type  : Slow 1100mV 0C Model Hold 'CLOCK2_50'
Slack : 0.390
TNS   : 0.000

Type  : Slow 1100mV 0C Model Hold 'clk_vga'
Slack : 3.141
TNS   : 0.000

Type  : Slow 1100mV 0C Model Hold 'clk_dram'
Slack : 3.908
TNS   : 0.000

Type  : Slow 1100mV 0C Model Recovery 'u0|pll_sys|altera_pll_i|general[2].gpll~PLL_OUTPUT_COUNTER|divclk'
Slack : -0.501
TNS   : -17.808

Type  : Slow 1100mV 0C Model Recovery 'u0|pll_sys|altera_pll_i|general[3].gpll~PLL_OUTPUT_COUNTER|divclk'
Slack : 0.375
TNS   : 0.000

Type  : Slow 1100mV 0C Model Recovery 'Qsys:u0|Qsys_hps_0:hps_0|Qsys_hps_0_hps_io:hps_io|Qsys_hps_0_hps_io_border:border|hps_sdram:hps_sdram_inst|hps_sdram_pll:pll|afi_clk_write_clk'
Slack : 3.468
TNS   : 0.000

Type  : Slow 1100mV 0C Model Recovery 'CLOCK_50'
Slack : 15.804
TNS   : 0.000

Type  : Slow 1100mV 0C Model Recovery 'altera_reserved_tck'
Slack : 18.094
TNS   : 0.000

Type  : Slow 1100mV 0C Model Removal 'u0|pll_sys|altera_pll_i|general[3].gpll~PLL_OUTPUT_COUNTER|divclk'
Slack : 0.352
TNS   : 0.000

Type  : Slow 1100mV 0C Model Removal 'Qsys:u0|Qsys_hps_0:hps_0|Qsys_hps_0_hps_io:hps_io|Qsys_hps_0_hps_io_border:border|hps_sdram:hps_sdram_inst|hps_sdram_pll:pll|afi_clk_write_clk'
Slack : 0.460
TNS   : 0.000

Type  : Slow 1100mV 0C Model Removal 'CLOCK_50'
Slack : 0.732
TNS   : 0.000

Type  : Slow 1100mV 0C Model Removal 'altera_reserved_tck'
Slack : 0.735
TNS   : 0.000

Type  : Slow 1100mV 0C Model Removal 'u0|pll_sys|altera_pll_i|general[2].gpll~PLL_OUTPUT_COUNTER|divclk'
Slack : 3.018
TNS   : 0.000

Type  : Slow 1100mV 0C Model Minimum Pulse Width 'u0|pll_sys|altera_pll_i|general[0].gpll~FRACTIONAL_PLL|vcoph[0]'
Slack : 0.480
TNS   : 0.000

Type  : Slow 1100mV 0C Model Minimum Pulse Width 'Qsys:u0|Qsys_hps_0:hps_0|Qsys_hps_0_hps_io:hps_io|Qsys_hps_0_hps_io_border:border|hps_sdram:hps_sdram_inst|hps_sdram_pll:pll|pll_write_clk_dq_write_clk'
Slack : 0.613
TNS   : 0.000

Type  : Slow 1100mV 0C Model Minimum Pulse Width 'Qsys:u0|Qsys_hps_0:hps_0|Qsys_hps_0_hps_io:hps_io|Qsys_hps_0_hps_io_border:border|hps_sdram:hps_sdram_inst|hps_sdram_pll:pll|afi_clk_write_clk'
Slack : 0.630
TNS   : 0.000

Type  : Slow 1100mV 0C Model Minimum Pulse Width 'u0|pll_sys|altera_pll_i|general[2].gpll~PLL_OUTPUT_COUNTER|divclk'
Slack : 2.588
TNS   : 0.000

Type  : Slow 1100mV 0C Model Minimum Pulse Width 'u0|pll_sys|altera_pll_i|general[1].gpll~PLL_OUTPUT_COUNTER|divclk'
Slack : 3.661
TNS   : 0.000

Type  : Slow 1100mV 0C Model Minimum Pulse Width 'u0|pll_sys|altera_pll_i|general[3].gpll~PLL_OUTPUT_COUNTER|divclk'
Slack : 6.438
TNS   : 0.000

Type  : Slow 1100mV 0C Model Minimum Pulse Width 'CLOCK_50'
Slack : 9.307
TNS   : 0.000

Type  : Slow 1100mV 0C Model Minimum Pulse Width 'CLOCK2_50'
Slack : 9.311
TNS   : 0.000

Type  : Slow 1100mV 0C Model Minimum Pulse Width 'altera_reserved_tck'
Slack : 18.920
TNS   : 0.000

Type  : Fast 1100mV 85C Model Setup 'clk_dram'
Slack : -5.901
TNS   : -203.938

Type  : Fast 1100mV 85C Model Setup 'clk_vga'
Slack : -4.658
TNS   : -108.658

Type  : Fast 1100mV 85C Model Setup 'u0|pll_sys|altera_pll_i|general[2].gpll~PLL_OUTPUT_COUNTER|divclk'
Slack : -1.544
TNS   : -24.163

Type  : Fast 1100mV 85C Model Setup 'Qsys:u0|Qsys_hps_0:hps_0|Qsys_hps_0_hps_io:hps_io|Qsys_hps_0_hps_io_border:border|hps_sdram:hps_sdram_inst|hps_sdram_pll:pll|afi_clk_write_clk'
Slack : 2.110
TNS   : 0.000

Type  : Fast 1100mV 85C Model Setup 'u0|pll_sys|altera_pll_i|general[3].gpll~PLL_OUTPUT_COUNTER|divclk'
Slack : 11.076
TNS   : 0.000

Type  : Fast 1100mV 85C Model Setup 'altera_reserved_tck'
Slack : 12.288
TNS   : 0.000

Type  : Fast 1100mV 85C Model Setup 'CLOCK_50'
Slack : 12.411
TNS   : 0.000

Type  : Fast 1100mV 85C Model Setup 'CLOCK2_50'
Slack : 17.499
TNS   : 0.000

Type  : Fast 1100mV 85C Model Hold 'u0|pll_sys|altera_pll_i|general[2].gpll~PLL_OUTPUT_COUNTER|divclk'
Slack : -0.589
TNS   : -8.987

Type  : Fast 1100mV 85C Model Hold 'altera_reserved_tck'
Slack : 0.076
TNS   : 0.000

Type  : Fast 1100mV 85C Model Hold 'Qsys:u0|Qsys_hps_0:hps_0|Qsys_hps_0_hps_io:hps_io|Qsys_hps_0_hps_io_border:border|hps_sdram:hps_sdram_inst|hps_sdram_pll:pll|afi_clk_write_clk'
Slack : 0.084
TNS   : 0.000

Type  : Fast 1100mV 85C Model Hold 'CLOCK_50'
Slack : 0.152
TNS   : 0.000

Type  : Fast 1100mV 85C Model Hold 'u0|pll_sys|altera_pll_i|general[3].gpll~PLL_OUTPUT_COUNTER|divclk'
Slack : 0.183
TNS   : 0.000

Type  : Fast 1100mV 85C Model Hold 'CLOCK2_50'
Slack : 0.184
TNS   : 0.000

Type  : Fast 1100mV 85C Model Hold 'clk_vga'
Slack : 1.379
TNS   : 0.000

Type  : Fast 1100mV 85C Model Hold 'clk_dram'
Slack : 2.102
TNS   : 0.000

Type  : Fast 1100mV 85C Model Recovery 'u0|pll_sys|altera_pll_i|general[2].gpll~PLL_OUTPUT_COUNTER|divclk'
Slack : 2.890
TNS   : 0.000

Type  : Fast 1100mV 85C Model Recovery 'u0|pll_sys|altera_pll_i|general[3].gpll~PLL_OUTPUT_COUNTER|divclk'
Slack : 3.473
TNS   : 0.000

Type  : Fast 1100mV 85C Model Recovery 'Qsys:u0|Qsys_hps_0:hps_0|Qsys_hps_0_hps_io:hps_io|Qsys_hps_0_hps_io_border:border|hps_sdram:hps_sdram_inst|hps_sdram_pll:pll|afi_clk_write_clk'
Slack : 3.727
TNS   : 0.000

Type  : Fast 1100mV 85C Model Recovery 'CLOCK_50'
Slack : 17.049
TNS   : 0.000

Type  : Fast 1100mV 85C Model Recovery 'altera_reserved_tck'
Slack : 19.161
TNS   : 0.000

Type  : Fast 1100mV 85C Model Removal 'u0|pll_sys|altera_pll_i|general[3].gpll~PLL_OUTPUT_COUNTER|divclk'
Slack : 0.299
TNS   : 0.000

Type  : Fast 1100mV 85C Model Removal 'altera_reserved_tck'
Slack : 0.399
TNS   : 0.000

Type  : Fast 1100mV 85C Model Removal 'CLOCK_50'
Slack : 0.438
TNS   : 0.000

Type  : Fast 1100mV 85C Model Removal 'Qsys:u0|Qsys_hps_0:hps_0|Qsys_hps_0_hps_io:hps_io|Qsys_hps_0_hps_io_border:border|hps_sdram:hps_sdram_inst|hps_sdram_pll:pll|afi_clk_write_clk'
Slack : 0.497
TNS   : 0.000

Type  : Fast 1100mV 85C Model Removal 'u0|pll_sys|altera_pll_i|general[2].gpll~PLL_OUTPUT_COUNTER|divclk'
Slack : 1.879
TNS   : 0.000

Type  : Fast 1100mV 85C Model Minimum Pulse Width 'u0|pll_sys|altera_pll_i|general[0].gpll~FRACTIONAL_PLL|vcoph[0]'
Slack : 0.480
TNS   : 0.000

Type  : Fast 1100mV 85C Model Minimum Pulse Width 'Qsys:u0|Qsys_hps_0:hps_0|Qsys_hps_0_hps_io:hps_io|Qsys_hps_0_hps_io_border:border|hps_sdram:hps_sdram_inst|hps_sdram_pll:pll|pll_write_clk_dq_write_clk'
Slack : 0.883
TNS   : 0.000

Type  : Fast 1100mV 85C Model Minimum Pulse Width 'Qsys:u0|Qsys_hps_0:hps_0|Qsys_hps_0_hps_io:hps_io|Qsys_hps_0_hps_io_border:border|hps_sdram:hps_sdram_inst|hps_sdram_pll:pll|afi_clk_write_clk'
Slack : 0.891
TNS   : 0.000

Type  : Fast 1100mV 85C Model Minimum Pulse Width 'u0|pll_sys|altera_pll_i|general[2].gpll~PLL_OUTPUT_COUNTER|divclk'
Slack : 2.723
TNS   : 0.000

Type  : Fast 1100mV 85C Model Minimum Pulse Width 'u0|pll_sys|altera_pll_i|general[1].gpll~PLL_OUTPUT_COUNTER|divclk'
Slack : 3.755
TNS   : 0.000

Type  : Fast 1100mV 85C Model Minimum Pulse Width 'u0|pll_sys|altera_pll_i|general[3].gpll~PLL_OUTPUT_COUNTER|divclk'
Slack : 6.573
TNS   : 0.000

Type  : Fast 1100mV 85C Model Minimum Pulse Width 'CLOCK_50'
Slack : 9.127
TNS   : 0.000

Type  : Fast 1100mV 85C Model Minimum Pulse Width 'CLOCK2_50'
Slack : 9.131
TNS   : 0.000

Type  : Fast 1100mV 85C Model Minimum Pulse Width 'altera_reserved_tck'
Slack : 18.831
TNS   : 0.000

Type  : Fast 1100mV 0C Model Setup 'clk_dram'
Slack : -5.600
TNS   : -193.437

Type  : Fast 1100mV 0C Model Setup 'clk_vga'
Slack : -4.371
TNS   : -101.505

Type  : Fast 1100mV 0C Model Setup 'u0|pll_sys|altera_pll_i|general[2].gpll~PLL_OUTPUT_COUNTER|divclk'
Slack : -1.393
TNS   : -22.015

Type  : Fast 1100mV 0C Model Setup 'Qsys:u0|Qsys_hps_0:hps_0|Qsys_hps_0_hps_io:hps_io|Qsys_hps_0_hps_io_border:border|hps_sdram:hps_sdram_inst|hps_sdram_pll:pll|afi_clk_write_clk'
Slack : 2.110
TNS   : 0.000

Type  : Fast 1100mV 0C Model Setup 'u0|pll_sys|altera_pll_i|general[3].gpll~PLL_OUTPUT_COUNTER|divclk'
Slack : 11.442
TNS   : 0.000

Type  : Fast 1100mV 0C Model Setup 'altera_reserved_tck'
Slack : 12.535
TNS   : 0.000

Type  : Fast 1100mV 0C Model Setup 'CLOCK_50'
Slack : 13.243
TNS   : 0.000

Type  : Fast 1100mV 0C Model Setup 'CLOCK2_50'
Slack : 17.715
TNS   : 0.000

Type  : Fast 1100mV 0C Model Hold 'u0|pll_sys|altera_pll_i|general[2].gpll~PLL_OUTPUT_COUNTER|divclk'
Slack : -0.735
TNS   : -11.486

Type  : Fast 1100mV 0C Model Hold 'altera_reserved_tck'
Slack : 0.056
TNS   : 0.000

Type  : Fast 1100mV 0C Model Hold 'Qsys:u0|Qsys_hps_0:hps_0|Qsys_hps_0_hps_io:hps_io|Qsys_hps_0_hps_io_border:border|hps_sdram:hps_sdram_inst|hps_sdram_pll:pll|afi_clk_write_clk'
Slack : 0.077
TNS   : 0.000

Type  : Fast 1100mV 0C Model Hold 'CLOCK_50'
Slack : 0.117
TNS   : 0.000

Type  : Fast 1100mV 0C Model Hold 'u0|pll_sys|altera_pll_i|general[3].gpll~PLL_OUTPUT_COUNTER|divclk'
Slack : 0.173
TNS   : 0.000

Type  : Fast 1100mV 0C Model Hold 'CLOCK2_50'
Slack : 0.176
TNS   : 0.000

Type  : Fast 1100mV 0C Model Hold 'clk_vga'
Slack : 1.115
TNS   : 0.000

Type  : Fast 1100mV 0C Model Hold 'clk_dram'
Slack : 1.852
TNS   : 0.000

Type  : Fast 1100mV 0C Model Recovery 'u0|pll_sys|altera_pll_i|general[2].gpll~PLL_OUTPUT_COUNTER|divclk'
Slack : 3.077
TNS   : 0.000

Type  : Fast 1100mV 0C Model Recovery 'u0|pll_sys|altera_pll_i|general[3].gpll~PLL_OUTPUT_COUNTER|divclk'
Slack : 3.665
TNS   : 0.000

Type  : Fast 1100mV 0C Model Recovery 'Qsys:u0|Qsys_hps_0:hps_0|Qsys_hps_0_hps_io:hps_io|Qsys_hps_0_hps_io_border:border|hps_sdram:hps_sdram_inst|hps_sdram_pll:pll|afi_clk_write_clk'
Slack : 3.825
TNS   : 0.000

Type  : Fast 1100mV 0C Model Recovery 'CLOCK_50'
Slack : 17.384
TNS   : 0.000

Type  : Fast 1100mV 0C Model Recovery 'altera_reserved_tck'
Slack : 19.347
TNS   : 0.000

Type  : Fast 1100mV 0C Model Removal 'u0|pll_sys|altera_pll_i|general[3].gpll~PLL_OUTPUT_COUNTER|divclk'
Slack : 0.199
TNS   : 0.000

Type  : Fast 1100mV 0C Model Removal 'altera_reserved_tck'
Slack : 0.344
TNS   : 0.000

Type  : Fast 1100mV 0C Model Removal 'CLOCK_50'
Slack : 0.396
TNS   : 0.000

Type  : Fast 1100mV 0C Model Removal 'Qsys:u0|Qsys_hps_0:hps_0|Qsys_hps_0_hps_io:hps_io|Qsys_hps_0_hps_io_border:border|hps_sdram:hps_sdram_inst|hps_sdram_pll:pll|afi_clk_write_clk'
Slack : 0.473
TNS   : 0.000

Type  : Fast 1100mV 0C Model Removal 'u0|pll_sys|altera_pll_i|general[2].gpll~PLL_OUTPUT_COUNTER|divclk'
Slack : 1.728
TNS   : 0.000

Type  : Fast 1100mV 0C Model Minimum Pulse Width 'u0|pll_sys|altera_pll_i|general[0].gpll~FRACTIONAL_PLL|vcoph[0]'
Slack : 0.480
TNS   : 0.000

Type  : Fast 1100mV 0C Model Minimum Pulse Width 'Qsys:u0|Qsys_hps_0:hps_0|Qsys_hps_0_hps_io:hps_io|Qsys_hps_0_hps_io_border:border|hps_sdram:hps_sdram_inst|hps_sdram_pll:pll|pll_write_clk_dq_write_clk'
Slack : 0.887
TNS   : 0.000

Type  : Fast 1100mV 0C Model Minimum Pulse Width 'Qsys:u0|Qsys_hps_0:hps_0|Qsys_hps_0_hps_io:hps_io|Qsys_hps_0_hps_io_border:border|hps_sdram:hps_sdram_inst|hps_sdram_pll:pll|afi_clk_write_clk'
Slack : 0.894
TNS   : 0.000

Type  : Fast 1100mV 0C Model Minimum Pulse Width 'u0|pll_sys|altera_pll_i|general[2].gpll~PLL_OUTPUT_COUNTER|divclk'
Slack : 2.726
TNS   : 0.000

Type  : Fast 1100mV 0C Model Minimum Pulse Width 'u0|pll_sys|altera_pll_i|general[1].gpll~PLL_OUTPUT_COUNTER|divclk'
Slack : 3.752
TNS   : 0.000

Type  : Fast 1100mV 0C Model Minimum Pulse Width 'u0|pll_sys|altera_pll_i|general[3].gpll~PLL_OUTPUT_COUNTER|divclk'
Slack : 6.573
TNS   : 0.000

Type  : Fast 1100mV 0C Model Minimum Pulse Width 'CLOCK_50'
Slack : 9.091
TNS   : 0.000

Type  : Fast 1100mV 0C Model Minimum Pulse Width 'CLOCK2_50'
Slack : 9.096
TNS   : 0.000

Type  : Fast 1100mV 0C Model Minimum Pulse Width 'altera_reserved_tck'
Slack : 18.807
TNS   : 0.000

------------------------------------------------------------
Info: see the "DDR report" for DDR timing results
------------------------------------------------------------
------------------------------------------------------------
